#./src/main/resources/Entities.map
#Fri Mar 23 15:35:46 CET 2018
user5=93
user4=92
user3=91
user2=90
user1=89
manager5=98
manager4=97
manager3=96
manager2=95
manager1=94
serviceOffered5=134
serviceOffered4=133
serviceOffered3=132
serviceOffered2=131
serviceOffered1=130
userAccount11=87
userAccount10=86
announcement5=114
answer5=129
announcement4=113
answer4=128
announcement3=112
answer3=127
announcement2=111
answer2=126
announcement1=110
answer1=125
category1-2=139
category1-1=136
administrator=88
request9=148
request8=147
question5=124
request7=146
question4=123
request6=145
question3=122
request5=144
question2=121
request4=143
request3=142
question1=120
request2=141
request1=140
rendezvouse9=106
rendezvouse11=109
request11=150
rendezvouse8=107
rendezvouse10=108
request10=149
rendezvouse7=105
rendezvouse6=104
rendezvouse5=103
category1-1-2=138
rendezvouse4=102
category1-1-1=137
category1=135
rendezvouse3=101
rendezvouse2=100
rendezvouse1=99
configurationSystem=76
userAccount9=85
userAccount8=84
userAccount7=83
userAccount6=82
userAccount5=81
userAccount4=80
userAccount3=79
userAccount2=78
userAccount1=77
comment5=119
comment4=118
comment3=117
comment2=116
comment1=115
